[www.krasotaiskusstva.com/themes/operna/index45de.html]
[backblue.gif]
[fade.gif]
[index.html]
[www.krasotaiskusstva.com/themes/operna/_css/style.css]
[www.krasotaiskusstva.com/themes/operna/_js/modernizr.custom.js]
[www.krasotaiskusstva.com/themes/operna/_js/jquery.js]
[www.krasotaiskusstva.com/themes/operna/_images/logo.png]
[www.krasotaiskusstva.com/themes/operna/_images/mockup.jpg]
[www.krasotaiskusstva.com/themes/operna/_images/1.png]
[www.krasotaiskusstva.com/themes/operna/_images/2.png]
[www.krasotaiskusstva.com/themes/operna/_images/3.png]
[www.krasotaiskusstva.com/themes/operna/_images/4.png]
[www.krasotaiskusstva.com/themes/operna/_images/gallery1.jpg]
[www.krasotaiskusstva.com/themes/operna/_images/gallery2.jpg]
[www.krasotaiskusstva.com/themes/operna/_images/gallery3.jpg]
[www.krasotaiskusstva.com/themes/operna/_images/gallery4.jpg]
[www.krasotaiskusstva.com/themes/operna/_images/gallery5.jpg]
[www.krasotaiskusstva.com/themes/operna/_images/gallery6.jpg]
[www.krasotaiskusstva.com/themes/operna/_images/download1.png]
[www.krasotaiskusstva.com/themes/operna/_images/download2.png]
[www.krasotaiskusstva.com/themes/operna/_images/download3.png]
[www.krasotaiskusstva.com/themes/operna/_images/team-01.png]
[www.krasotaiskusstva.com/themes/operna/_images/team-02.png]
[www.krasotaiskusstva.com/themes/operna/_images/team-03.png]
[www.krasotaiskusstva.com/themes/operna/_images/team-04.png]
[www.krasotaiskusstva.com/themes/operna/_images/logo1.png]
[www.krasotaiskusstva.com/themes/operna/_images/logo2.png]
[www.krasotaiskusstva.com/themes/operna/_images/logo3.png]
[www.krasotaiskusstva.com/themes/operna/_images/logo4.png]
[www.krasotaiskusstva.com/themes/operna/_images/logo5.png]
[www.krasotaiskusstva.com/themes/operna/_images/logo6.png]
[www.krasotaiskusstva.com/themes/operna/_js/waypoints.js]
[www.krasotaiskusstva.com/themes/operna/_js/touchswipe.js]
[www.krasotaiskusstva.com/themes/operna/_js/scripts.js]
[www.krasotaiskusstva.com/themes/operna/_js/classie.js]
[www.krasotaiskusstva.com/themes/operna/_js/main.js]
[www.krasotaiskusstva.com/themes/operna/_js/scale.js]
[www.krasotaiskusstva.com/themes/operna/_js/bootstrap.js]
[www.krasotaiskusstva.com/themes/operna/_js/phoneSlideshow.js]
[www.krasotaiskusstva.com/themes/operna/_js/prettyPhoto.js]
[www.krasotaiskusstva.com/themes/operna/_js/gmap.js]
[www.krasotaiskusstva.com/themes/operna/index45de.html]
[www.krasotaiskusstva.com/themes/operna/_js/tweet.js]
[www.krasotaiskusstva.com/themes/operna/_css/animate.css]
[www.krasotaiskusstva.com/themes/operna/_css/bootstrap.css]
[www.krasotaiskusstva.com/themes/operna/_css/font-awesome.css]
[www.krasotaiskusstva.com/themes/operna/_css/prettyPhoto.css]
[www.krasotaiskusstva.com/themes/operna/_images/hero-bg.jpg]
[www.krasotaiskusstva.com/themes/operna/_images/plants-bg.jpg]
[www.krasotaiskusstva.com/themes/operna/_images/keyboard-bg.jpg]
[www.krasotaiskusstva.com/themes/operna/_images/apple.png]
[www.krasotaiskusstva.com/themes/operna/_css/style.css]
[www.krasotaiskusstva.com/themes/operna/_css/animate.css]
[www.krasotaiskusstva.com/themes/operna/_images/cursor.png]
[www.krasotaiskusstva.com/themes/operna/fonts/glyphicons-halflings-regular.eot]
[www.krasotaiskusstva.com/themes/operna/fonts/glyphicons-halflings-regulard41d.eot]
[www.krasotaiskusstva.com/themes/operna/fonts/glyphicons-halflings-regular.woff]
[www.krasotaiskusstva.com/themes/operna/fonts/glyphicons-halflings-regular.ttf]
[www.krasotaiskusstva.com/themes/operna/fonts/glyphicons-halflings-regular.svg]
[www.krasotaiskusstva.com/themes/operna/_css/bootstrap.css]
[www.krasotaiskusstva.com/themes/operna/_fonts/fontawesome-webfont78ce.eot]
[www.krasotaiskusstva.com/themes/operna/_fonts/fontawesome-webfontd41d.eot]
[www.krasotaiskusstva.com/themes/operna/_fonts/fontawesome-webfont78ce.woff]
[www.krasotaiskusstva.com/themes/operna/_fonts/fontawesome-webfont78ce.ttf]
[www.krasotaiskusstva.com/themes/operna/_css/font-awesome.css]
[www.krasotaiskusstva.com/themes/operna/_images/prettyPhoto/default/sprite.png]
[www.krasotaiskusstva.com/themes/operna/_images/prettyPhoto/default/sprite_x.png]
[www.krasotaiskusstva.com/themes/operna/_images/prettyPhoto/default/sprite_y.png]
[www.krasotaiskusstva.com/themes/operna/_images/prettyPhoto/default/sprite_next.png]
[www.krasotaiskusstva.com/themes/operna/_images/prettyPhoto/default/sprite_prev.png]
[www.krasotaiskusstva.com/themes/operna/_images/prettyPhoto/default/default_thumb.png]
[www.krasotaiskusstva.com/themes/operna/_images/prettyPhoto/default/loader.gif]
[www.krasotaiskusstva.com/themes/operna/_images/prettyPhoto/light_rounded/sprite.png]
[www.krasotaiskusstva.com/themes/operna/_images/prettyPhoto/light_rounded/btnNext.png]
[www.krasotaiskusstva.com/themes/operna/_images/prettyPhoto/light_rounded/btnPrevious.png]
[www.krasotaiskusstva.com/themes/operna/_images/prettyPhoto/dark_rounded/sprite.png]
[www.krasotaiskusstva.com/themes/operna/_images/prettyPhoto/dark_rounded/contentPattern.png]
[www.krasotaiskusstva.com/themes/operna/_images/prettyPhoto/dark_rounded/btnNext.png]
[www.krasotaiskusstva.com/themes/operna/_images/prettyPhoto/dark_rounded/btnPrevious.png]
[www.krasotaiskusstva.com/themes/operna/_images/prettyPhoto/dark_rounded/loader.gif]
[www.krasotaiskusstva.com/themes/operna/_images/prettyPhoto/dark_square/loader.gif]
[www.krasotaiskusstva.com/themes/operna/_images/prettyPhoto/dark_square/sprite.png]
[www.krasotaiskusstva.com/themes/operna/_images/prettyPhoto/dark_square/btnNext.png]
[www.krasotaiskusstva.com/themes/operna/_images/prettyPhoto/dark_square/btnPrevious.png]
[www.krasotaiskusstva.com/themes/operna/_images/prettyPhoto/light_square/sprite.png]
[www.krasotaiskusstva.com/themes/operna/_images/prettyPhoto/light_square/btnNext.png]
[www.krasotaiskusstva.com/themes/operna/_images/prettyPhoto/light_square/btnPrevious.png]
[www.krasotaiskusstva.com/themes/operna/_images/prettyPhoto/facebook/sprite.png]
[www.krasotaiskusstva.com/themes/operna/_images/prettyPhoto/facebook/contentPatternTop.png]
[www.krasotaiskusstva.com/themes/operna/_images/prettyPhoto/facebook/contentPatternLeft.png]
[www.krasotaiskusstva.com/themes/operna/_images/prettyPhoto/facebook/contentPatternRight.png]
[www.krasotaiskusstva.com/themes/operna/_images/prettyPhoto/facebook/loader.gif]
[www.krasotaiskusstva.com/themes/operna/_images/prettyPhoto/facebook/btnNext.png]
[www.krasotaiskusstva.com/themes/operna/_images/prettyPhoto/facebook/btnPrevious.png]
[www.krasotaiskusstva.com/themes/operna/_images/prettyPhoto/facebook/contentPatternBottom.png]
[www.krasotaiskusstva.com/themes/operna/_images/prettyPhoto/facebook/default_thumbnail.gif]
[www.krasotaiskusstva.com/themes/operna/_css/prettyPhoto.css]
[www.krasotaiskusstva.com/themes/operna/_images/hero-bg.html]
[www.krasotaiskusstva.com/themes/operna/_images/plants-bg.html]
[www.krasotaiskusstva.com/themes/operna/fonts/glyphicons-halflings-regular.html]
[www.krasotaiskusstva.com/themes/operna/fonts/glyphicons-halflings-regulard41d.html]
[www.krasotaiskusstva.com/themes/operna/fonts/glyphicons-halflings-regular-2.html]
[www.krasotaiskusstva.com/themes/operna/fonts/glyphicons-halflings-regular-3.html]
[www.krasotaiskusstva.com/themes/operna/fonts/glyphicons-halflings-regular-4.html]
[www.krasotaiskusstva.com/themes/operna/_fonts/fontawesome-webfont78ce.svg]
[www.krasotaiskusstva.com/themes/operna/_images/prettyPhoto/light_rounded/loader.gif]
